==========================================
  Enterprise PDF AI - 全功能验证测试
==========================================

[INFO] 等待服务启动...
[INFO] 服务已就绪
[INFO] 创建测试用户...
[INFO] 获取认证 Token...
[PASS] 获取 Token 成功

--- 认证功能 ---
[INFO] 测试: 健康检查
[PASS] API 服务健康
True
[INFO] 测试: 用户注册
[FAIL] 用户注册失败: {"error":"Key: 'authRequest.Email' Error:Field validation for 'Email' failed on the 'email' tag"}
False
[INFO] 测试: 用户登录
[PASS] 用户登录成功
True
[INFO] 测试: 获取当前用户
False

--- 仪表盘 & 统计 ---
[INFO] 测试: 仪表盘概览
[PASS] 获取仪表盘概览成功
True
[INFO] 测试: 使用统计
[PASS] 获取使用统计成功
True

--- 文档管理 ---
[INFO] 测试: 上传文档
[PASS] 上传文档成功 (ID: 065648f7-a306-4065-848f-08a72cb668b6)
True
[INFO] 测试: 列出文档
[PASS] 列出文档成功
True
[INFO] 测试: 获取文档状态
[PASS] 获取文档状态成功
True

--- 聊天会话 ---
[INFO] 测试: 创建聊天会话
[PASS] 创建聊天会话成功 (ID: 82307dec-fa9d-4525-9428-9fd5d7f33d9e)
True
[INFO] 测试: 列出聊天会话
[PASS] 列出聊天会话成功
True
[INFO] 测试: 发送消息
[FAIL] 发送消息失败: {"error":"failed to send message"}
False
[INFO] 测试: 获取消息历史
False

--- SSE 流式问答 (核心) ---
[INFO] 测试: SSE 流式问答
[PASS] SSE 流式问答成功
True

--- AI 增强功能 ---
[INFO] 测试: 获取推荐问题
[FAIL] 获取推荐问题失败: {"error":"failed to generate recommendations"}
False
[INFO] 测试: 获取 AI 反思
[FAIL] 会话 ID 或消息 ID 不存在
False

--- VQA 视觉问答 ---
[INFO] 测试: VQA 图片上传问答
[FAIL] VQA 图片上传问答失败: {"error":"VQA failed: vision API error: {\n  \"error\": {\n    \"message\": \"You uploaded an unsu
pported image. Please make sure your image is valid.\",\n    \"type\": \"invalid_request_error\",\n    \"param\": null,
\n    \"code\": \"image_parse_error\"\n  }\n}"}
False
[INFO] 测试: VQA 图片URL问答
[FAIL] VQA 图片URL问答失败: {"error":"failed to fetch image from URL"}
False
[INFO] 测试: VQA 图文增强问答
[FAIL] VQA 图文增强问答失败: {"error":"invalid document_ids format"}
False

--- 搜索 & 笔记 ---
[INFO] 测试: 语义搜索
False
[INFO] 测试: 创建笔记
[PASS] 创建笔记成功 (ID: 38b69051-ed3d-4f86-a44e-a69e3fc715fb)
True
[INFO] 测试: 列出笔记
[PASS] 列出笔记成功
True
[INFO] 测试: 更新笔记
False
[INFO] 测试: 删除笔记
[PASS] 删除笔记成功
True

--- 清理 ---
[INFO] 测试: 删除文档
[FAIL] 删除文档失败
False

==========================================
  测试结果汇总
==========================================
[PASS] 通过: 14
[FAIL] 失败: 8

部分测试失败，请检查上述输出
